Flutter crash report.
Please report a bug at https://github.com/flutter/flutter/issues.

## command

flutter test test\features\tyre_diagram\presentation\tyre_condition_labels_test.dart test\features\tyre_diagram\presentation\vehicle_tyre_diagram_test.dart test\features\inspections\presentation\widgets\tyre_position_editor_sheet_test.dart

## exception

PathExistsException: PathExistsException: Cannot copy file to 'C:\Users\Tyre_Engineer\New folder\Tyre_Pulse\tyre_pulse_flutter\build\native_assets\windows\sqlite3.dll', path = 'C:\Users\Tyre_Engineer\New folder\Tyre_Pulse\tyre_pulse_flutter\.dart_tool\hooks_runner\shared\sqlite3\build\download-2bf39f2a\sqlite3.dll' (OS Error: Cannot create a file when that file already exists, errno = 183)

```
#0      _checkForErrorResponse (dart:io/common.dart:58:9)
#1      _File.copy.<anonymous closure> (dart:io/file_impl.dart:406:7)
#2      _rootRunUnary (dart:async/zone_root.dart:48:47)
#3      _CustomZone.runUnary (dart:async/zone.dart:816:35)
<asynchronous suspension>
#4      ForwardingFile.copy (package:file/src/forwarding/forwarding_file.dart:29:51)
<asynchronous suspension>
#5      ErrorHandlingFile.copy.<anonymous closure> (package:flutter_tools/src/base/error_handling_io.dart:603:28)
<asynchronous suspension>
#6      _run (package:flutter_tools/src/base/error_handling_io.dart:1052:14)
<asynchronous suspension>
#7      _copyNativeCodeAssetsToBundleOnWindowsLinux (package:flutter_tools/src/isolated/native_assets/native_assets.dart:951:32)
<asynchronous suspension>
#8      _copyNativeCodeAssetsForOS (package:flutter_tools/src/isolated/native_assets/native_assets.dart:849:24)
<asynchronous suspension>
#9      installCodeAssets (package:flutter_tools/src/isolated/native_assets/native_assets.dart:499:37)
<asynchronous suspension>
#10     testCompilerBuildNativeAssets (package:flutter_tools/src/isolated/native_assets/test/native_assets.dart:89:3)
<asynchronous suspension>
#11     TestCommand.runCommand (package:flutter_tools/src/commands/test.dart:504:11)
<asynchronous suspension>
#12     FlutterCommand.run.<anonymous closure> (package:flutter_tools/src/runner/flutter_command.dart:1663:27)
<asynchronous suspension>
#13     AppContext.run.<anonymous closure> (package:flutter_tools/src/base/context.dart:154:19)
<asynchronous suspension>
#14     CommandRunner.runCommand (package:args/command_runner.dart:212:13)
<asynchronous suspension>
#15     FlutterCommandRunner.runCommand.<anonymous closure> (package:flutter_tools/src/runner/flutter_command_runner.dart:496:9)
<asynchronous suspension>
#16     AppContext.run.<anonymous closure> (package:flutter_tools/src/base/context.dart:154:19)
<asynchronous suspension>
#17     FlutterCommandRunner.runCommand (package:flutter_tools/src/runner/flutter_command_runner.dart:431:5)
<asynchronous suspension>
#18     FlutterCommandRunner.run.<anonymous closure> (package:flutter_tools/src/runner/flutter_command_runner.dart:307:33)
<asynchronous suspension>
#19     run.<anonymous closure>.<anonymous closure> (package:flutter_tools/runner.dart:104:11)
<asynchronous suspension>
#20     AppContext.run.<anonymous closure> (package:flutter_tools/src/base/context.dart:154:19)
<asynchronous suspension>
#21     main (package:flutter_tools/executable.dart:103:3)
<asynchronous suspension>
```

## flutter doctor

```
[!] Flutter (Channel stable, 3.47.1, on Microsoft Windows [Version 10.0.26200.9168], locale en-US) [1,197ms]
    • Flutter version 3.47.1 on channel stable at C:\Users\Tyre_Engineer\flutter_sdk_extract\flutter
    ! The flutter binary is not on your path. Consider adding C:\Users\Tyre_Engineer\flutter_sdk_extract\flutter\bin to your path.
    ! The dart binary is not on your path. Consider adding C:\Users\Tyre_Engineer\flutter_sdk_extract\flutter\bin to your path.
    • Upstream repository https://github.com/flutter/flutter.git
    • Framework revision 6655482ec0 (8 days ago), 2026-08-19 10:07:23 -0700
    • Engine revision 5d53178869
    • Dart version 3.13.1
    • DevTools version 2.60.0
    • Feature flags: enable-web, enable-linux-desktop, enable-macos-desktop, enable-windows-desktop, enable-android, enable-ios, cli-animations, enable-native-assets, enable-record-use, enable-swift-package-manager, omit-legacy-version-file, enable-lldb-debugging, enable-uiscene-migration
    • If those were intentional, you can disregard the above warnings; however it is recommended to use "git" directly to perform update checks and upgrades.

[✓] Windows Version (11 Pro 64-bit, 25H2, 2009) [7.2s]

[✗] Android toolchain - develop for Android devices [85ms]
    ✗ Unable to locate Android SDK.
      Install Android Studio from: https://developer.android.com/studio/index.html
      On first launch it will assist you in installing the Android SDK components.
      (or visit https://flutter.dev/to/windows-android-setup for detailed instructions).
      If the Android SDK has been installed to a custom location, please use
      `flutter config --android-sdk` to update to that location.


[✓] Chrome - develop for the web [42ms]
    • Chrome at C:\Program Files\Google\Chrome\Application\chrome.exe

[✗] Visual Studio - develop Windows apps [36ms]
    ✗ Visual Studio not installed; this is necessary to develop Windows apps.
      Download at https://visualstudio.microsoft.com/downloads/.
      Please install the "Desktop development with C++" workload, including all of its default components

[✓] Connected device (3 available) [1,370ms]
    • Windows (desktop) • windows • windows-x64    • Microsoft Windows [Version 10.0.26200.9168]
    • Chrome (web)      • chrome  • web-javascript • Google Chrome 151.0.7922.175
    • Edge (web)        • edge    • web-javascript • Microsoft Edge 151.0.4129.107

[✓] Network resources [1,235ms]
    • All expected network resources are available.

! Doctor found issues in 3 categories.
```
